******************************************************************************
                  MSP430 Linker PC v16.9.1                     
******************************************************************************
>> Linked Tue Apr 11 12:49:56 2017

OUTPUT FILE NAME:   <IRBioOptiksLEDBoard.out>
ENTRY POINT SYMBOL: "_c_int00_noargs_noexit"  address: 0000fc6e


MEMORY CONFIGURATION

         name            origin    length      used     unused   attr    fill
----------------------  --------  ---------  --------  --------  ----  --------
  SFR                   00000000   00000010  00000000  00000010  RWIX
  PERIPHERALS_8BIT      00000010   000000f0  00000000  000000f0  RWIX
  PERIPHERALS_16BIT     00000100   00000100  00000000  00000100  RWIX
  RAM                   00000200   00000080  00000036  0000004a  RWIX
  INFOD                 00001000   00000040  00000000  00000040  RWIX
  INFOC                 00001040   00000040  00000000  00000040  RWIX
  INFOB                 00001080   00000040  00000000  00000040  RWIX
  INFOA                 000010c0   00000040  00000000  00000040  RWIX
  FLASH                 0000f800   000007e0  0000050a  000002d6  RWIX
  INT00                 0000ffe0   00000002  00000000  00000002  RWIX
  INT01                 0000ffe2   00000002  00000000  00000002  RWIX
  INT02                 0000ffe4   00000002  00000002  00000000  RWIX
  INT03                 0000ffe6   00000002  00000002  00000000  RWIX
  INT04                 0000ffe8   00000002  00000002  00000000  RWIX
  INT05                 0000ffea   00000002  00000002  00000000  RWIX
  INT06                 0000ffec   00000002  00000000  00000002  RWIX
  INT07                 0000ffee   00000002  00000000  00000002  RWIX
  INT08                 0000fff0   00000002  00000002  00000000  RWIX
  INT09                 0000fff2   00000002  00000002  00000000  RWIX
  INT10                 0000fff4   00000002  00000002  00000000  RWIX
  INT11                 0000fff6   00000002  00000000  00000002  RWIX
  INT12                 0000fff8   00000002  00000000  00000002  RWIX
  INT13                 0000fffa   00000002  00000000  00000002  RWIX
  INT14                 0000fffc   00000002  00000002  00000000  RWIX
  RESET                 0000fffe   00000002  00000002  00000000  RWIX


SECTION ALLOCATION MAP

 output                                  attributes/
section   page    origin      length       input sections
--------  ----  ----------  ----------   ----------------
.data      0    00000200    00000004     UNINITIALIZED
                  00000200    00000004     LED.obj (.data)

.stack     0    0000024c    00000032     UNINITIALIZED
                  0000024c    00000002     rts430_eabi.lib : boot.obj (.stack)
                  0000024e    00000030     --HOLE--

.text      0    0000f800    000004f0     
                  0000f800    000000dc     rts430_eabi.lib : cmpd.obj (.text:__mspabi_cmpd)
                  0000f8dc    000000ac                     : fltlid.obj (.text:__mspabi_fltlid)
                  0000f988    0000007c                     : copy_decompress_lzss.obj (.text:decompress:lzss:__TI_decompress_lzss)
                  0000fa04    0000006e                     : autoinit.obj (.text:_auto_init)
                  0000fa72    0000006a     LED.obj (.text:TimerAInterrupt)
                  0000fadc    0000005c     rts430_eabi.lib : lsr32.obj (.text:l_lsr_const)
                  0000fb38    0000005a                     : cpy_tbl.obj (.text:copy_in)
                  0000fb92    0000004c                     : lsr16.obj (.text)
                  0000fbde    0000003e                     : lsl32.obj (.text:l_lsl_const)
                  0000fc1c    0000002c                     : lsl16.obj (.text)
                  0000fc48    00000026     LED.obj (.text:main)
                  0000fc6e    0000001a     rts430_eabi.lib : boot_special.obj (.text:_c_int00_noargs_noexit)
                  0000fc88    00000014                     : mult16.obj (.text)
                  0000fc9c    00000012                     : copy_decompress_none.obj (.text:decompress:none:__TI_decompress_none)
                  0000fcae    00000012                     : memcpy.obj (.text:memcpy)
                  0000fcc0    00000010                     : epilog.obj (.text)
                  0000fcd0    0000000c                     : fltid.obj (.text:__mspabi_fltid)
                  0000fcdc    00000008                     : isr_trap.obj (.text:_isr:__TI_ISR_TRAP)
                  0000fce4    00000006                     : exit.obj (.text:abort)
                  0000fcea    00000004                     : pre_init.obj (.text:_system_pre_init)
                  0000fcee    00000002                     : startup.obj (.text:_system_post_cinit)

.binit     0    0000f800    00000000     

.const     0    0000fcf0    0000000a     
                  0000fcf0    0000000a     LED.obj (.const)

.cinit     0    0000fcfa    00000010     
                  0000fcfa    00000008     (.cinit..data.load) [load image]
                  0000fd02    00000004     (__TI_handler_table)
                  0000fd06    00000004     (__TI_cinit_table)

.init_array 
*          0    0000f800    00000000     UNINITIALIZED

PORT1      0    0000ffe4    00000002     
                  0000ffe4    00000002     rts430_eabi.lib : int02.obj (.int02)

PORT2      0    0000ffe6    00000002     
                  0000ffe6    00000002     rts430_eabi.lib : int03.obj (.int03)

USI        0    0000ffe8    00000002     
                  0000ffe8    00000002     rts430_eabi.lib : int04.obj (.int04)

SD16       0    0000ffea    00000002     
                  0000ffea    00000002     rts430_eabi.lib : int05.obj (.int05)

TIMERA1    0    0000fff0    00000002     
                  0000fff0    00000002     rts430_eabi.lib : int08.obj (.int08)

TIMERA0    0    0000fff2    00000002     
                  0000fff2    00000002     LED.obj (.int09)

WDT        0    0000fff4    00000002     
                  0000fff4    00000002     rts430_eabi.lib : int10.obj (.int10)

NMI        0    0000fffc    00000002     
                  0000fffc    00000002     rts430_eabi.lib : int14.obj (.int14)

.reset     0    0000fffe    00000002     
                  0000fffe    00000002     rts430_eabi.lib : boot.obj (.reset)

MODULE SUMMARY

       Module                     code   ro data   rw data
       ------                     ----   -------   -------
    .\
       LED.obj                    144    12        4      
    +--+--------------------------+------+---------+---------+
       Total:                     144    12        4      
                                                          
    C:\ti\ccsv7\tools\compiler\ti-cgt-msp430_16.9.1.LTS\lib\rts430_eabi.lib
       cmpd.obj                   220    0         0      
       fltlid.obj                 172    0         0      
       copy_decompress_lzss.obj   124    0         0      
       autoinit.obj               110    0         0      
       lsr32.obj                  92     0         0      
       cpy_tbl.obj                90     0         0      
       lsr16.obj                  76     0         0      
       lsl32.obj                  62     0         0      
       lsl16.obj                  44     0         0      
       boot_special.obj           26     0         0      
       mult16.obj                 20     0         0      
       copy_decompress_none.obj   18     0         0      
       memcpy.obj                 18     0         0      
       epilog.obj                 16     0         0      
       fltid.obj                  12     0         0      
       isr_trap.obj               8      0         0      
       exit.obj                   6      0         0      
       pre_init.obj               4      0         0      
       boot.obj                   0      2         0      
       int02.obj                  0      2         0      
       int03.obj                  0      2         0      
       int04.obj                  0      2         0      
       int05.obj                  0      2         0      
       int08.obj                  0      2         0      
       int10.obj                  0      2         0      
       int14.obj                  0      2         0      
       startup.obj                2      0         0      
    +--+--------------------------+------+---------+---------+
       Total:                     1120   16        0      
                                                          
       Stack:                     0      0         50     
       Linker Generated:          0      16        0      
    +--+--------------------------+------+---------+---------+
       Grand Total:               1264   44        54     


LINKER GENERATED COPY TABLES

__TI_cinit_table @ 0000fd06 records: 1, size/record: 4, table size: 4
	.data: load addr=0000fcfa, load size=00000008 bytes, run addr=00000200, run size=00000004 bytes, compression=copy


LINKER GENERATED HANDLER TABLE

__TI_handler_table @ 0000fd02 records: 2, size/record: 2, table size: 4
	index: 0, handler: __TI_decompress_lzss
	index: 1, handler: __TI_decompress_none


GLOBAL SYMBOLS: SORTED ALPHABETICALLY BY Name 

address   name                    
-------   ----                    
00000057  BCSCTL1                 
00000058  BCSCTL2                 
00000053  BCSCTL3                 
0000fce4  C$$EXIT                 
000010fb  CALBC1_12MHZ            
000010f9  CALBC1_16MHZ            
000010ff  CALBC1_1MHZ             
000010fd  CALBC1_8MHZ             
000010fa  CALDCO_12MHZ            
000010f8  CALDCO_16MHZ            
000010fe  CALDCO_1MHZ             
000010fc  CALDCO_8MHZ             
00000200  CycleCounter            
00000056  DCOCTL                  
00000128  FCTL1                   
0000012a  FCTL2                   
0000012c  FCTL3                   
00000000  IE1                     
00000002  IFG1                    
00000022  P1DIR                   
00000025  P1IE                    
00000024  P1IES                   
00000023  P1IFG                   
00000020  P1IN                    
00000021  P1OUT                   
00000027  P1REN                   
00000026  P1SEL                   
0000002a  P2DIR                   
0000002d  P2IE                    
0000002c  P2IES                   
0000002b  P2IFG                   
00000028  P2IN                    
00000029  P2OUT                   
0000002f  P2REN                   
0000002e  P2SEL                   
000000b7  SD16AE                  
00000102  SD16CCTL0               
000000f7  SD16CONF0               
000000bf  SD16CONF1               
00000100  SD16CTL                 
000000b0  SD16INCTL0              
00000110  SD16IV                  
00000112  SD16MEM0                
00000172  TACCR0                  
00000174  TACCR1                  
00000162  TACCTL0                 
00000164  TACCTL1                 
00000160  TACTL                   
0000012e  TAIV                    
00000170  TAR                     
0000fa72  TimerAInterrupt         
00000202  TreatmentState          
0000007a  USICCTL                 
0000007a  USICKCTL                
0000007b  USICNT                  
00000078  USICTL                  
00000078  USICTL0                 
00000079  USICTL1                 
0000007c  USISR                   
0000007d  USISRH                  
0000007c  USISRL                  
00000120  WDTCTL                  
0000027e  __STACK_END             
00000032  __STACK_SIZE            
UNDEFED   __TI_BINIT_Base         
UNDEFED   __TI_BINIT_Limit        
0000fd06  __TI_CINIT_Base         
0000fd0a  __TI_CINIT_Limit        
0000fd02  __TI_Handler_Table_Base 
0000fd06  __TI_Handler_Table_Limit
UNDEFED   __TI_INITARRAY_Base     
UNDEFED   __TI_INITARRAY_Limit    
0000fcdc  __TI_ISR_TRAP           
0000f988  __TI_decompress_lzss    
0000fc9c  __TI_decompress_none    
0000ffe4  __TI_int02              
0000ffe6  __TI_int03              
0000ffe8  __TI_int04              
0000ffea  __TI_int05              
0000fff0  __TI_int08              
0000fff2  __TI_int09              
0000fff4  __TI_int10              
0000fffc  __TI_int14              
ffffffff  __TI_pprof_out_hndl     
ffffffff  __TI_prof_data_size     
ffffffff  __TI_prof_data_start    
ffffffff  __c_args__              
0000f800  __mspabi_cmpd           
0000fcd0  __mspabi_fltid          
0000f8dc  __mspabi_fltlid         
0000fccc  __mspabi_func_epilog_1  
0000fcca  __mspabi_func_epilog_2  
0000fcc8  __mspabi_func_epilog_3  
0000fcc6  __mspabi_func_epilog_4  
0000fcc4  __mspabi_func_epilog_5  
0000fcc2  __mspabi_func_epilog_6  
0000fcc0  __mspabi_func_epilog_7  
0000fc88  __mspabi_mpyi           
0000fc88  __mspabi_mpyi_sw        
0000fc1c  __mspabi_slli           
0000fc44  __mspabi_slli_1         
0000fc32  __mspabi_slli_10        
0000fc30  __mspabi_slli_11        
0000fc2e  __mspabi_slli_12        
0000fc2c  __mspabi_slli_13        
0000fc2a  __mspabi_slli_14        
0000fc28  __mspabi_slli_15        
0000fc42  __mspabi_slli_2         
0000fc40  __mspabi_slli_3         
0000fc3e  __mspabi_slli_4         
0000fc3c  __mspabi_slli_5         
0000fc3a  __mspabi_slli_6         
0000fc38  __mspabi_slli_7         
0000fc36  __mspabi_slli_8         
0000fc34  __mspabi_slli_9         
0000fc16  __mspabi_slll_1         
0000fbf2  __mspabi_slll_10        
0000fbee  __mspabi_slll_11        
0000fbea  __mspabi_slll_12        
0000fbe6  __mspabi_slll_13        
0000fbe2  __mspabi_slll_14        
0000fbde  __mspabi_slll_15        
0000fc12  __mspabi_slll_2         
0000fc0e  __mspabi_slll_3         
0000fc0a  __mspabi_slll_4         
0000fc06  __mspabi_slll_5         
0000fc02  __mspabi_slll_6         
0000fbfe  __mspabi_slll_7         
0000fbfa  __mspabi_slll_8         
0000fbf6  __mspabi_slll_9         
0000fb92  __mspabi_srli           
0000fbd8  __mspabi_srli_1         
0000fbb4  __mspabi_srli_10        
0000fbb0  __mspabi_srli_11        
0000fbac  __mspabi_srli_12        
0000fba8  __mspabi_srli_13        
0000fba4  __mspabi_srli_14        
0000fba0  __mspabi_srli_15        
0000fbd4  __mspabi_srli_2         
0000fbd0  __mspabi_srli_3         
0000fbcc  __mspabi_srli_4         
0000fbc8  __mspabi_srli_5         
0000fbc4  __mspabi_srli_6         
0000fbc0  __mspabi_srli_7         
0000fbbc  __mspabi_srli_8         
0000fbb8  __mspabi_srli_9         
0000fb30  __mspabi_srll_1         
0000fafa  __mspabi_srll_10        
0000faf4  __mspabi_srll_11        
0000faee  __mspabi_srll_12        
0000fae8  __mspabi_srll_13        
0000fae2  __mspabi_srll_14        
0000fadc  __mspabi_srll_15        
0000fb2a  __mspabi_srll_2         
0000fb24  __mspabi_srll_3         
0000fb1e  __mspabi_srll_4         
0000fb18  __mspabi_srll_5         
0000fb12  __mspabi_srll_6         
0000fb0c  __mspabi_srll_7         
0000fb06  __mspabi_srll_8         
0000fb00  __mspabi_srll_9         
0000fa04  _auto_init              
0000fc6e  _c_int00_noargs_noexit  
0000fffe  _reset_vector           
0000024c  _stack                  
0000fcee  _system_post_cinit      
0000fcea  _system_pre_init        
0000fce4  abort                   
0000fb38  copy_in                 
0000fc48  main                    
0000fcae  memcpy                  


GLOBAL SYMBOLS: SORTED BY Symbol Address 

address   name                    
-------   ----                    
00000000  IE1                     
00000002  IFG1                    
00000020  P1IN                    
00000021  P1OUT                   
00000022  P1DIR                   
00000023  P1IFG                   
00000024  P1IES                   
00000025  P1IE                    
00000026  P1SEL                   
00000027  P1REN                   
00000028  P2IN                    
00000029  P2OUT                   
0000002a  P2DIR                   
0000002b  P2IFG                   
0000002c  P2IES                   
0000002d  P2IE                    
0000002e  P2SEL                   
0000002f  P2REN                   
00000032  __STACK_SIZE            
00000053  BCSCTL3                 
00000056  DCOCTL                  
00000057  BCSCTL1                 
00000058  BCSCTL2                 
00000078  USICTL                  
00000078  USICTL0                 
00000079  USICTL1                 
0000007a  USICCTL                 
0000007a  USICKCTL                
0000007b  USICNT                  
0000007c  USISR                   
0000007c  USISRL                  
0000007d  USISRH                  
000000b0  SD16INCTL0              
000000b7  SD16AE                  
000000bf  SD16CONF1               
000000f7  SD16CONF0               
00000100  SD16CTL                 
00000102  SD16CCTL0               
00000110  SD16IV                  
00000112  SD16MEM0                
00000120  WDTCTL                  
00000128  FCTL1                   
0000012a  FCTL2                   
0000012c  FCTL3                   
0000012e  TAIV                    
00000160  TACTL                   
00000162  TACCTL0                 
00000164  TACCTL1                 
00000170  TAR                     
00000172  TACCR0                  
00000174  TACCR1                  
00000200  CycleCounter            
00000202  TreatmentState          
0000024c  _stack                  
0000027e  __STACK_END             
000010f8  CALDCO_16MHZ            
000010f9  CALBC1_16MHZ            
000010fa  CALDCO_12MHZ            
000010fb  CALBC1_12MHZ            
000010fc  CALDCO_8MHZ             
000010fd  CALBC1_8MHZ             
000010fe  CALDCO_1MHZ             
000010ff  CALBC1_1MHZ             
0000f800  __mspabi_cmpd           
0000f8dc  __mspabi_fltlid         
0000f988  __TI_decompress_lzss    
0000fa04  _auto_init              
0000fa72  TimerAInterrupt         
0000fadc  __mspabi_srll_15        
0000fae2  __mspabi_srll_14        
0000fae8  __mspabi_srll_13        
0000faee  __mspabi_srll_12        
0000faf4  __mspabi_srll_11        
0000fafa  __mspabi_srll_10        
0000fb00  __mspabi_srll_9         
0000fb06  __mspabi_srll_8         
0000fb0c  __mspabi_srll_7         
0000fb12  __mspabi_srll_6         
0000fb18  __mspabi_srll_5         
0000fb1e  __mspabi_srll_4         
0000fb24  __mspabi_srll_3         
0000fb2a  __mspabi_srll_2         
0000fb30  __mspabi_srll_1         
0000fb38  copy_in                 
0000fb92  __mspabi_srli           
0000fba0  __mspabi_srli_15        
0000fba4  __mspabi_srli_14        
0000fba8  __mspabi_srli_13        
0000fbac  __mspabi_srli_12        
0000fbb0  __mspabi_srli_11        
0000fbb4  __mspabi_srli_10        
0000fbb8  __mspabi_srli_9         
0000fbbc  __mspabi_srli_8         
0000fbc0  __mspabi_srli_7         
0000fbc4  __mspabi_srli_6         
0000fbc8  __mspabi_srli_5         
0000fbcc  __mspabi_srli_4         
0000fbd0  __mspabi_srli_3         
0000fbd4  __mspabi_srli_2         
0000fbd8  __mspabi_srli_1         
0000fbde  __mspabi_slll_15        
0000fbe2  __mspabi_slll_14        
0000fbe6  __mspabi_slll_13        
0000fbea  __mspabi_slll_12        
0000fbee  __mspabi_slll_11        
0000fbf2  __mspabi_slll_10        
0000fbf6  __mspabi_slll_9         
0000fbfa  __mspabi_slll_8         
0000fbfe  __mspabi_slll_7         
0000fc02  __mspabi_slll_6         
0000fc06  __mspabi_slll_5         
0000fc0a  __mspabi_slll_4         
0000fc0e  __mspabi_slll_3         
0000fc12  __mspabi_slll_2         
0000fc16  __mspabi_slll_1         
0000fc1c  __mspabi_slli           
0000fc28  __mspabi_slli_15        
0000fc2a  __mspabi_slli_14        
0000fc2c  __mspabi_slli_13        
0000fc2e  __mspabi_slli_12        
0000fc30  __mspabi_slli_11        
0000fc32  __mspabi_slli_10        
0000fc34  __mspabi_slli_9         
0000fc36  __mspabi_slli_8         
0000fc38  __mspabi_slli_7         
0000fc3a  __mspabi_slli_6         
0000fc3c  __mspabi_slli_5         
0000fc3e  __mspabi_slli_4         
0000fc40  __mspabi_slli_3         
0000fc42  __mspabi_slli_2         
0000fc44  __mspabi_slli_1         
0000fc48  main                    
0000fc6e  _c_int00_noargs_noexit  
0000fc88  __mspabi_mpyi           
0000fc88  __mspabi_mpyi_sw        
0000fc9c  __TI_decompress_none    
0000fcae  memcpy                  
0000fcc0  __mspabi_func_epilog_7  
0000fcc2  __mspabi_func_epilog_6  
0000fcc4  __mspabi_func_epilog_5  
0000fcc6  __mspabi_func_epilog_4  
0000fcc8  __mspabi_func_epilog_3  
0000fcca  __mspabi_func_epilog_2  
0000fccc  __mspabi_func_epilog_1  
0000fcd0  __mspabi_fltid          
0000fcdc  __TI_ISR_TRAP           
0000fce4  C$$EXIT                 
0000fce4  abort                   
0000fcea  _system_pre_init        
0000fcee  _system_post_cinit      
0000fd02  __TI_Handler_Table_Base 
0000fd06  __TI_CINIT_Base         
0000fd06  __TI_Handler_Table_Limit
0000fd0a  __TI_CINIT_Limit        
0000ffe4  __TI_int02              
0000ffe6  __TI_int03              
0000ffe8  __TI_int04              
0000ffea  __TI_int05              
0000fff0  __TI_int08              
0000fff2  __TI_int09              
0000fff4  __TI_int10              
0000fffc  __TI_int14              
0000fffe  _reset_vector           
ffffffff  __TI_pprof_out_hndl     
ffffffff  __TI_prof_data_size     
ffffffff  __TI_prof_data_start    
ffffffff  __c_args__              
UNDEFED   __TI_BINIT_Base         
UNDEFED   __TI_BINIT_Limit        
UNDEFED   __TI_INITARRAY_Base     
UNDEFED   __TI_INITARRAY_Limit    

[171 symbols]
